[09:03:21] [ServerMain/INFO]: [bootstrap] Running Java 25 (OpenJDK 64-Bit Server VM 25.0.4.1+1-LTS; Microsoft Microsoft-14951822) on Linux 6.8.0-1064-azure (amd64)
[09:03:21] [ServerMain/INFO]: [bootstrap] Loading Purpur 26.2-2633-HEAD@3f5d9c0 (2026-09-12T02:46:11Z) for Minecraft 26.2
[09:03:23] [ServerMain/INFO]: [PluginInitializerManager] Initializing plugins...
[09:03:23] [ServerMain/INFO]: [PluginInitializerManager] Initialized 1 plugin
[09:03:23] [ServerMain/INFO]: [PluginInitializerManager] Bukkit plugins (1):
 - AstralSwords (1.3.0)
[09:03:29] [DataConverter MCTypeRegistry init thread/INFO]: [ca.spottedleaf.dataconverter.minecraft.datatypes.MCTypeRegistry] Initialising converters for DataConverter...
[09:03:30] [ServerMain/INFO]: Environment: Environment[sessionHost=https://sessionserver.mojang.com, servicesHost=https://api.minecraftservices.com, profilesHost=https://api.mojang.com, name=PROD]
[09:03:31] [DataConverter MCTypeRegistry init thread/INFO]: [ca.spottedleaf.dataconverter.minecraft.datatypes.MCTypeRegistry] Finished initialising converters for DataConverter in 1,813.7ms
[09:03:36] [ServerMain/INFO]: Loaded 1585 recipes
[09:03:36] [ServerMain/INFO]: Loaded 1688 advancements
[09:03:36] [Server thread/INFO]: Starting minecraft server version 26.2
[09:03:36] [Server thread/INFO]: Loading properties
[09:03:36] [Server thread/INFO]: This server is running Purpur version 26.2-2633-HEAD@3f5d9c0 (2026-09-12T02:46:11Z) (Implementing API version 26.2.build.2633-stable)
[09:03:37] [Server thread/INFO]: [spark] This server bundles the spark profiler. For more information please visit https://docs.papermc.io/paper/profiling
[09:03:37] [Server thread/INFO]: Server Ping Player Sample Count: 12
[09:03:37] [Server thread/INFO]: Using 4 threads for Netty based IO
[09:03:38] [Server thread/INFO]: [MoonriseCommon] Paper is using 1 worker threads, 1 I/O threads
[09:03:38] [Server thread/INFO]: Default game type: SURVIVAL
[09:03:38] [Server thread/INFO]: Generating keypair
[09:03:39] [Server thread/INFO]: Starting Minecraft server on *:25565
[09:03:39] [Server thread/INFO]: Paper: Using libdeflate (Linux x86_64) compression from Velocity.
[09:03:39] [Server thread/INFO]: Paper: Using OpenSSL 3.x.x (Linux x86_64) cipher from Velocity.
[09:03:39] [Server thread/INFO]: [AstralSwords] Loading server plugin AstralSwords v1.3.0
[09:03:39] [Server thread/WARN]: **** SERVER IS RUNNING IN OFFLINE/INSECURE MODE!
[09:03:39] [Server thread/WARN]: The server will make no attempt to authenticate usernames. Beware.
[09:03:39] [Server thread/WARN]: While this makes the game possible to play without internet access, it also opens up the ability for hackers to connect with any username they choose.
[09:03:39] [Server thread/WARN]: To change this, set "online-mode" to "true" in the server.properties file.
[09:03:39] [Server thread/INFO]: Preparing level "world"
[09:03:40] [Server thread/INFO]: Loading 0 persistent chunks for level 'minecraft:overworld'...
[09:03:40] [Server thread/INFO]: Preparing spawn area: 100%
[09:03:40] [Server thread/INFO]: Prepared spawn area in 6 ms
[09:03:40] [Server thread/INFO]: Loading 0 persistent chunks for level 'minecraft:the_nether'...
[09:03:40] [Server thread/INFO]: Prepared spawn area in 0 ms
[09:03:40] [Server thread/INFO]: Loading 0 persistent chunks for level 'minecraft:the_end'...
[09:03:40] [Server thread/INFO]: Prepared spawn area in 2 ms
[09:03:40] [Server thread/INFO]: Done preparing level "world" (1.116s)
[09:03:40] [Server thread/INFO]: [AstralSwords] Enabling AstralSwords v1.3.0
[09:03:40] [Server thread/INFO]: [AstralSwords] Checking plugin dependencies...
[09:03:40] [Server thread/INFO]: [AstralSwords] Loaded configuration from config.yml
[09:03:40] [Server thread/INFO]: [AstralSwords] Loaded sword enchantments and recipes from configuration
[09:03:40] [Server thread/INFO]: [AstralSwords] Loaded sword data for 0 players and 1 global swords
[09:03:40] [Server thread/INFO]: [AstralSwords] AstralSwords plugin has been enabled!
[09:03:41] [Server thread/INFO]: [spark] Starting background profiler...
[09:03:41] [Server thread/INFO]: Saving chunks for level 'ServerLevel[world]'/minecraft:overworld
[09:03:41] [Server thread/INFO]: Saving chunks for level 'ServerLevel[world]'/minecraft:the_nether
[09:03:41] [Server thread/INFO]: Saving chunks for level 'ServerLevel[world]'/minecraft:the_end
[09:03:42] [Server thread/INFO]: ThreadedAnvilChunkStorage (world): All chunks are saved
[09:03:42] [Server thread/INFO]: ThreadedAnvilChunkStorage (DIM-1): All chunks are saved
[09:03:42] [Server thread/INFO]: ThreadedAnvilChunkStorage (DIM1): All chunks are saved
[09:03:42] [Server thread/INFO]: ThreadedAnvilChunkStorage: All dimensions are saved
[09:03:42] [Server thread/INFO]: Running delayed init tasks
[09:03:42] [Server thread/INFO]: Done (23.471s)! For help, type "help"
