[04:46:28] [ServerMain/INFO]: [bootstrap] Running Java 21 (OpenJDK 64-Bit Server VM 21.0.10+7-LTS; Microsoft Microsoft-13106412) on Linux 6.8.0-1052-azure (amd64)
[04:46:28] [ServerMain/INFO]: [bootstrap] Loading Purpur 1.21.1-2329-ver/1.21.1@803bf62 (2024-10-31T20:25:04Z) for Minecraft 1.21.1
[04:46:29] [ServerMain/INFO]: [PluginInitializerManager] Initializing plugins...
[04:46:30] [Paper Plugin Remapper Thread - 2/INFO]: [PluginRemapper] Remapping plugin 'plugins/EliteMobs.jar'...
[04:46:30] [Paper Plugin Remapper Thread - 3/INFO]: [PluginRemapper] Remapping plugin 'plugins/ResurrectionChest.jar'...
[04:46:33] [Paper Plugin Remapper Thread - 3/INFO]: [PluginRemapper] Done remapping plugin 'plugins/ResurrectionChest.jar' in 3002ms.
[04:46:34] [Paper Plugin Remapper Thread - 2/INFO]: [PluginRemapper] Done remapping plugin 'plugins/EliteMobs.jar' in 4710ms.
[04:46:35] [ServerMain/INFO]: [PluginInitializerManager] Initialized 2 plugins
[04:46:35] [ServerMain/INFO]: [PluginInitializerManager] Bukkit plugins (2):
 - EliteMobs (10.2.0), ResurrectionChest (2.0.2)
[04:46:42] [ServerMain/INFO]: Environment: Environment[sessionHost=https://sessionserver.mojang.com, servicesHost=https://api.minecraftservices.com, name=PROD]
[04:46:44] [ServerMain/INFO]: Loaded 1290 recipes
[04:46:45] [ServerMain/INFO]: Loaded 1399 advancements
[04:46:45] [Server thread/INFO]: Starting minecraft server version 1.21.1
[04:46:45] [Server thread/INFO]: Loading properties
[04:46:45] [Server thread/INFO]: This server is running Purpur version 1.21.1-2329-ver/1.21.1@803bf62 (2024-10-31T20:25:04Z) (Implementing API version 1.21.1-R0.1-SNAPSHOT)
[04:46:46] [Server thread/INFO]: [spark] This server bundles the spark profiler. For more information please visit https://docs.papermc.io/paper/profiling
[04:46:46] [Server thread/INFO]: Server Ping Player Sample Count: 12
[04:46:46] [Server thread/INFO]: Using 4 threads for Netty based IO
[04:46:48] [Server thread/INFO]: [ChunkTaskScheduler] Chunk system is using 1 I/O threads, 1 worker threads, and population gen parallelism of 1 threads
[04:46:48] [Server thread/WARN]: [Pufferfish] SIMD operations are available for your server, but are not configured!
[04:46:48] [Server thread/WARN]: [Pufferfish] To enable additional optimizations, add "--add-modules=jdk.incubator.vector" to your startup flags, BEFORE the "-jar".
[04:46:48] [Server thread/WARN]: [Pufferfish] If you have already added this flag, then SIMD operations are not supported on your JVM or CPU.
[04:46:48] [Server thread/WARN]: [Pufferfish] Debug: Java: 21.0.10, test run: true
[04:46:48] [Server thread/INFO]: Default game type: SURVIVAL
[04:46:48] [Server thread/INFO]: Generating keypair
[04:46:48] [Server thread/INFO]: Starting Minecraft server on *:25565
[04:46:48] [Server thread/INFO]: Using epoll channel type
[04:46:49] [Server thread/INFO]: Paper: Using libdeflate (Linux x86_64) compression from Velocity.
[04:46:49] [Server thread/INFO]: Paper: Using OpenSSL 3.x.x (Linux x86_64) cipher from Velocity.
[04:46:49] [Server thread/INFO]: [ResurrectionChest] Loading server plugin ResurrectionChest v2.0.2
[04:46:49] [Server thread/INFO]: [ResurrectionChest] MagmaCore v1.13-SNAPSHOT initialized!
[04:46:49] [Server thread/INFO]: [ResurrectionChest] Registered /logify command
[04:46:49] [Server thread/INFO]: [EliteMobs] Loading server plugin EliteMobs v10.2.0
[04:46:49] [Server thread/INFO]: [EliteMobs] MagmaCore v1.29-SNAPSHOT initialized!
[04:46:49] [Server thread/INFO]: [EliteMobs] /logify is already registered, skipping.
[04:46:49] [Server thread/INFO]: [EliteMobs] Registered /nightbreaklogin command
[04:46:49] [Server thread/INFO]: [EliteMobs] No Nightbreak token found. Use /nightbreaklogin <token> to register your token.
[04:46:49] [Server thread/WARN]: [EliteMobs] Error loading WorldGuard. EliteMob-specific flags will not work. Except if you just reloaded the plugin, in which case they will totally work.
[04:46:49] [Server thread/INFO]: Server permissions file permissions.yml is empty, ignoring it
[04:46:49] [Server thread/INFO]: Preparing level "world"
[04:46:51] [Server thread/INFO]: Preparing start region for dimension minecraft:overworld
[04:46:53] [Server thread/INFO]: Time elapsed: 2139 ms
[04:46:53] [Server thread/INFO]: Preparing start region for dimension minecraft:the_nether
[04:46:54] [Server thread/INFO]: Time elapsed: 454 ms
[04:46:54] [Server thread/INFO]: Preparing start region for dimension minecraft:the_end
[04:46:54] [Server thread/INFO]: Time elapsed: 201 ms
[04:46:54] [Server thread/INFO]: [ResurrectionChest] Enabling ResurrectionChest v2.0.2
[04:46:54] [Server thread/INFO]: 
                                                                       
 _____                             _   _         _____ _           _   
| __  |___ ___ _ _ ___ ___ ___ ___| |_|_|___ ___|     | |_ ___ ___| |_ 
|    -| -_|_ -| | |  _|  _| -_|  _|  _| | . |   |   --|   | -_|_ -|  _|
|__|__|___|___|___|_| |_| |___|___|_| |_|___|_|_|_____|_|_|___|___|_|  
                                                                       

[04:46:54] [Server thread/INFO]: [EliteMobs] Enabling EliteMobs v10.2.0
[04:46:54] [Server thread/INFO]:  _____ _     _____ _____ ________  ______________  _____
[04:46:54] [Server thread/INFO]: |  ___| |   |_   _|_   _|  ___|  \/  |  _  | ___ \/  ___|
[04:46:54] [Server thread/INFO]: | |__ | |     | |   | | | |__ | .  . | | | | |_/ /\ `--.
[04:46:54] [Server thread/INFO]: |  __|| |     | |   | | |  __|| |\/| | | | | ___ \ `--. \
[04:46:54] [Server thread/INFO]: | |___| |_____| |_  | | | |___| |  | \ \_/ / |_/ //\__/ /
[04:46:54] [Server thread/INFO]: \____/\_____/\___/  \_/ \____/\_|  |_/\___/\____/ \____/
[04:46:54] [Server thread/INFO]: By MagmaGuy - v. 10.2.0
[04:46:54] [Server thread/INFO]: [EliteMobs] Supported server version detected: v1_21_R1
[04:46:54] [Server thread/INFO]: [EliteMobs] New default max health set correctly!
[04:46:55] [Server thread/INFO]: [spark] Starting background profiler...
[04:46:55] [Server thread/INFO]: Done preparing level "world" (6.614s)
[04:46:56] [Server thread/INFO]: Running delayed init tasks
[04:46:56] [Server thread/INFO]: Done (28.988s)! For help, type "help"
[04:46:56] [Craft Scheduler Thread - 1 - EliteMobs/INFO]: [EliteMobs] Language set to English - using plugin defaults
[04:46:56] [Craft Scheduler Thread - 1 - EliteMobs/INFO]: [EliteMobs] Deleting unused config values.
[04:46:57] [Craft Scheduler Thread - 1 - EliteMobs/INFO]: [com.magmaguy.shaded.reflections.Reflections] Reflections took 264 ms to scan 1 urls, producing 1 keys and 61 values
[04:46:57] [Craft Scheduler Thread - 3 - ResurrectionChest/INFO]: [ResurrectionChest] Latest public release is 2.2.5
[04:46:57] [Craft Scheduler Thread - 3 - ResurrectionChest/INFO]: [ResurrectionChest] Your version is 2.0.2
[04:46:57] [Craft Scheduler Thread - 3 - ResurrectionChest/WARN]: [ResurrectionChest] A newer version of this plugin is available for download!
[04:46:57] [Craft Scheduler Thread - 1 - EliteMobs/INFO]: [com.magmaguy.shaded.reflections.Reflections] Reflections took 44 ms to scan 1 urls, producing 1 keys and 17 values
[04:47:07] [Craft Scheduler Thread - 1 - EliteMobs/INFO]: [com.magmaguy.shaded.reflections.Reflections] Reflections took 39 ms to scan 1 urls, producing 5 keys and 72 values
[04:47:08] [Craft Scheduler Thread - 1 - EliteMobs/INFO]: [com.magmaguy.shaded.reflections.Reflections] Reflections took 6 ms to scan 1 urls, producing 1 keys and 3 values
[04:47:08] [Craft Scheduler Thread - 1 - EliteMobs/INFO]: [com.magmaguy.shaded.reflections.Reflections] Reflections took 110 ms to scan 1 urls, producing 15 keys and 99 values
[04:47:08] [Craft Scheduler Thread - 1 - EliteMobs/INFO]: [com.magmaguy.shaded.reflections.Reflections] Reflections took 188 ms to scan 112 urls, producing 0 keys and 0 values
[04:47:09] [Craft Scheduler Thread - 1 - EliteMobs/INFO]: [com.magmaguy.shaded.reflections.Reflections] Reflections took 16 ms to scan 1 urls, producing 1 keys and 84 values
[04:47:09] [Craft Scheduler Thread - 1 - EliteMobs/INFO]: [EliteMobs] Loaded 84 skill bonus configurations.
[04:47:09] [Craft Scheduler Thread - 1 - EliteMobs/INFO]: [EliteMobs] Resource pack exported to resource_pack folder.
[04:47:09] [Craft Scheduler Thread - 1 - EliteMobs/INFO]: [com.magmaguy.shaded.reflections.Reflections] Reflections took 13 ms to scan 1 urls, producing 1 keys and 72 values
[04:47:11] [Craft Scheduler Thread - 1 - EliteMobs/INFO]: [com.magmaguy.shaded.reflections.Reflections] Reflections took 10 ms to scan 1 urls, producing 1 keys and 69 values
[04:47:11] [Craft Scheduler Thread - 1 - EliteMobs/INFO]: [com.magmaguy.shaded.reflections.Reflections] Reflections took 5 ms to scan 1 urls, producing 1 keys and 12 values
[04:47:11] [Craft Scheduler Thread - 1 - EliteMobs/INFO]: [com.magmaguy.shaded.reflections.Reflections] Reflections took 17 ms to scan 1 urls, producing 1 keys and 58 values
[04:47:12] [Craft Scheduler Thread - 1 - EliteMobs/INFO]: [com.magmaguy.shaded.reflections.Reflections] Reflections took 3 ms to scan 1 urls, producing 1 keys and 5 values
[04:47:12] [Craft Scheduler Thread - 1 - EliteMobs/INFO]: [com.magmaguy.shaded.reflections.Reflections] Reflections took 59 ms to scan 112 urls, producing 0 keys and 0 values
[04:47:12] [Craft Scheduler Thread - 1 - EliteMobs/INFO]: [com.magmaguy.shaded.reflections.Reflections] Reflections took 14 ms to scan 1 urls, producing 1 keys and 4 values
[04:47:12] [Server thread/INFO]: [EliteMobs] WorldGuard compatibility is not enabled!
[04:47:12] [Server thread/WARN]: [EliteMobs] "EliteMobs v10.2.0" has registered a listener for org.bukkit.event.entity.EntityRemoveEvent on method "public void com.magmaguy.elitemobs.entitytracker.EntityTracker.onRemove(org.bukkit.event.entity.EntityRemoveEvent)", but the event is Deprecated. "Server performance will be affected"; please notify the authors [MagmaGuy].
[04:47:12] [Server thread/INFO]: [EliteMobs] Opened database successfully
[04:47:13] [Server thread/INFO]: [EliteMobs] [Skills] Created migration flag file.
[04:47:13] [Server thread/WARN]: [EliteMobs] [Skills] =================================================
[04:47:13] [Server thread/WARN]: [EliteMobs] [Skills] SKILL SYSTEM ACTIVATED FOR THE FIRST TIME
[04:47:13] [Server thread/WARN]: [EliteMobs] [Skills] All players will start fresh with new skill data.
[04:47:13] [Server thread/WARN]: [EliteMobs] [Skills] Old guild/prestige data is preserved but unused.
[04:47:13] [Server thread/WARN]: [EliteMobs] [Skills] =================================================
[04:47:13] [Server thread/INFO]: [EliteMobs] Initializing skill bonuses...
[04:47:13] [Server thread/INFO]: [EliteMobs] Registered 84 skill bonuses.
[04:47:13] [Server thread/INFO]: [com.magmaguy.shaded.reflections.Reflections] Reflections took 3 ms to scan 1 urls, producing 1 keys and 1 values
[04:47:13] [Server thread/INFO]: [com.magmaguy.shaded.reflections.Reflections] Reflections took 4 ms to scan 1 urls, producing 1 keys and 8 values
[04:47:14] [Server thread/INFO]: [EliteMobs] EliteMobs fully initialized!
[04:47:15] [Craft Scheduler Thread - 1 - EliteMobs/INFO]: [EliteMobs] Latest public release is 10.7.3
[04:47:15] [Craft Scheduler Thread - 1 - EliteMobs/INFO]: [EliteMobs] Your version is 10.2.0
[04:47:15] [Craft Scheduler Thread - 1 - EliteMobs/WARN]: [EliteMobs] [EliteMobs] A newer version of this plugin is available for download!
[04:47:15] [Craft Scheduler Thread - 3 - EliteMobs/INFO]: [EliteMobs] Parsed 58 content versions from Nightbreak API
[04:50:04] [Server thread/INFO]: TPS from last 5s, 1m, 5m, 15m: 20.0, 20.0, 20.0, 20.0
